C:\Users\carla\Desktop\bank-account-api\src\main\java\fr\carla\bank\BankAccountApiApplication.java
C:\Users\carla\Desktop\bank-account-api\src\main\java\fr\carla\bank\controller\ApiExceptionHandler.java
C:\Users\carla\Desktop\bank-account-api\src\main\java\fr\carla\bank\controller\BankAccountController.java
C:\Users\carla\Desktop\bank-account-api\src\main\java\fr\carla\bank\dto\AmountRequest.java
C:\Users\carla\Desktop\bank-account-api\src\main\java\fr\carla\bank\dto\CreateAccountRequest.java
C:\Users\carla\Desktop\bank-account-api\src\main\java\fr\carla\bank\dto\TransferRequest.java
C:\Users\carla\Desktop\bank-account-api\src\main\java\fr\carla\bank\exception\AccountAlreadyExistsException.java
C:\Users\carla\Desktop\bank-account-api\src\main\java\fr\carla\bank\exception\AccountNotFoundException.java
C:\Users\carla\Desktop\bank-account-api\src\main\java\fr\carla\bank\exception\InsufficientFundsException.java
C:\Users\carla\Desktop\bank-account-api\src\main\java\fr\carla\bank\exception\InvalidAmountException.java
C:\Users\carla\Desktop\bank-account-api\src\main\java\fr\carla\bank\exception\InvalidTransferException.java
C:\Users\carla\Desktop\bank-account-api\src\main\java\fr\carla\bank\model\BankAccount.java
C:\Users\carla\Desktop\bank-account-api\src\main\java\fr\carla\bank\repository\BankAccountRepository.java
C:\Users\carla\Desktop\bank-account-api\src\main\java\fr\carla\bank\repository\InMemoryBankAccountRepository.java
C:\Users\carla\Desktop\bank-account-api\src\main\java\fr\carla\bank\service\BankAccountService.java
